
> taskweave@0.0.0 test /app
> jest --watchAll=false

(node:6248) [DEP0040] DeprecationWarning: The `punycode` module is deprecated. Please use a userland alternative instead.
(Use `node --trace-deprecation ...` to show where the warning was created)
FAIL src/__tests__/useFocusSessionController.test.ts
  ● useFocusSessionController › should toggle timer from paused to running

    expect(jest.fn()).toHaveBeenCalledTimes(expected)

    Expected number of calls: 1
    Received number of calls: 0

      139 |
      140 |     // The useEffect will call startSession on initial render for a paused task
    > 141 |     expect(mockTaskApiInstance.startSession).toHaveBeenCalledTimes(1);
          |                                              ^
      142 |     (mockTaskApiInstance.startSession as jest.Mock).mockClear(); // Clear for the next check
      143 |
      144 |     // Since our mock task still has lastStartedAt: null, isActive is false

      at Object.toHaveBeenCalledTimes (src/__tests__/useFocusSessionController.test.ts:141:46)

(node:6255) [DEP0040] DeprecationWarning: The `punycode` module is deprecated. Please use a userland alternative instead.
(Use `node --trace-deprecation ...` to show where the warning was created)
(node:6249) [DEP0040] DeprecationWarning: The `punycode` module is deprecated. Please use a userland alternative instead.
(Use `node --trace-deprecation ...` to show where the warning was created)
PASS src/__tests__/useTaskDatabaseController.test.ts
  ● Console

    console.error
      Warning: An update to TestComponent inside a test was not wrapped in act(...).

      When testing, code that causes React state updates should be wrapped into act(...):

      act(() => {
        /* fire events that update state */
      });
      /* assert on the output */

      This ensures that you're testing the behavior the user would see in the browser. Learn more at https://reactjs.org/link/wrap-tests-with-act
          at TestComponent (/app/node_modules/.pnpm/@testing-library+react@16.3.2_@testing-library+dom@10.4.1_@types+react-dom@18.3.7_@type_8105afb30b3aed617b9ca863f1e5e96d/node_modules/@testing-library/react/dist/pure.js:328:5)

      74 |             }
      75 |         } else {
    > 76 |             setRecommendation(null);
         |             ^
      77 |         }
      78 |       } catch (e) {
      79 |         console.error("Failed to calculate recommendation", e);

      at printWarning (node_modules/.pnpm/react-dom@18.3.1_react@18.3.1/node_modules/react-dom/cjs/react-dom.development.js:86:30)
      at error (node_modules/.pnpm/react-dom@18.3.1_react@18.3.1/node_modules/react-dom/cjs/react-dom.development.js:60:7)
      at warnIfUpdatesNotWrappedWithActDEV (node_modules/.pnpm/react-dom@18.3.1_react@18.3.1/node_modules/react-dom/cjs/react-dom.development.js:27628:9)
      at scheduleUpdateOnFiber (node_modules/.pnpm/react-dom@18.3.1_react@18.3.1/node_modules/react-dom/cjs/react-dom.development.js:25547:5)
      at dispatchSetState (node_modules/.pnpm/react-dom@18.3.1_react@18.3.1/node_modules/react-dom/cjs/react-dom.development.js:16708:7)
      at setRecommendation (src/hooks/controllers/useTaskDatabaseController.ts:76:13)

    console.error
      Warning: An update to TestComponent inside a test was not wrapped in act(...).

      When testing, code that causes React state updates should be wrapped into act(...):

      act(() => {
        /* fire events that update state */
      });
      /* assert on the output */

      This ensures that you're testing the behavior the user would see in the browser. Learn more at https://reactjs.org/link/wrap-tests-with-act
          at TestComponent (/app/node_modules/.pnpm/@testing-library+react@16.3.2_@testing-library+dom@10.4.1_@types+react-dom@18.3.7_@type_8105afb30b3aed617b9ca863f1e5e96d/node_modules/@testing-library/react/dist/pure.js:328:5)

      74 |             }
      75 |         } else {
    > 76 |             setRecommendation(null);
         |             ^
      77 |         }
      78 |       } catch (e) {
      79 |         console.error("Failed to calculate recommendation", e);

      at printWarning (node_modules/.pnpm/react-dom@18.3.1_react@18.3.1/node_modules/react-dom/cjs/react-dom.development.js:86:30)
      at error (node_modules/.pnpm/react-dom@18.3.1_react@18.3.1/node_modules/react-dom/cjs/react-dom.development.js:60:7)
      at warnIfUpdatesNotWrappedWithActDEV (node_modules/.pnpm/react-dom@18.3.1_react@18.3.1/node_modules/react-dom/cjs/react-dom.development.js:27628:9)
      at scheduleUpdateOnFiber (node_modules/.pnpm/react-dom@18.3.1_react@18.3.1/node_modules/react-dom/cjs/react-dom.development.js:25547:5)
      at dispatchSetState (node_modules/.pnpm/react-dom@18.3.1_react@18.3.1/node_modules/react-dom/cjs/react-dom.development.js:16708:7)
      at setRecommendation (src/hooks/controllers/useTaskDatabaseController.ts:76:13)

    console.error
      Warning: An update to TestComponent inside a test was not wrapped in act(...).

      When testing, code that causes React state updates should be wrapped into act(...):

      act(() => {
        /* fire events that update state */
      });
      /* assert on the output */

      This ensures that you're testing the behavior the user would see in the browser. Learn more at https://reactjs.org/link/wrap-tests-with-act
          at TestComponent (/app/node_modules/.pnpm/@testing-library+react@16.3.2_@testing-library+dom@10.4.1_@types+react-dom@18.3.7_@type_8105afb30b3aed617b9ca863f1e5e96d/node_modules/@testing-library/react/dist/pure.js:328:5)

      74 |             }
      75 |         } else {
    > 76 |             setRecommendation(null);
         |             ^
      77 |         }
      78 |       } catch (e) {
      79 |         console.error("Failed to calculate recommendation", e);

      at printWarning (node_modules/.pnpm/react-dom@18.3.1_react@18.3.1/node_modules/react-dom/cjs/react-dom.development.js:86:30)
      at error (node_modules/.pnpm/react-dom@18.3.1_react@18.3.1/node_modules/react-dom/cjs/react-dom.development.js:60:7)
      at warnIfUpdatesNotWrappedWithActDEV (node_modules/.pnpm/react-dom@18.3.1_react@18.3.1/node_modules/react-dom/cjs/react-dom.development.js:27628:9)
      at scheduleUpdateOnFiber (node_modules/.pnpm/react-dom@18.3.1_react@18.3.1/node_modules/react-dom/cjs/react-dom.development.js:25547:5)
      at dispatchSetState (node_modules/.pnpm/react-dom@18.3.1_react@18.3.1/node_modules/react-dom/cjs/react-dom.development.js:16708:7)
      at setRecommendation (src/hooks/controllers/useTaskDatabaseController.ts:76:13)

    console.error
      Warning: An update to TestComponent inside a test was not wrapped in act(...).

      When testing, code that causes React state updates should be wrapped into act(...):

      act(() => {
        /* fire events that update state */
      });
      /* assert on the output */

      This ensures that you're testing the behavior the user would see in the browser. Learn more at https://reactjs.org/link/wrap-tests-with-act
          at TestComponent (/app/node_modules/.pnpm/@testing-library+react@16.3.2_@testing-library+dom@10.4.1_@types+react-dom@18.3.7_@type_8105afb30b3aed617b9ca863f1e5e96d/node_modules/@testing-library/react/dist/pure.js:328:5)

      74 |             }
      75 |         } else {
    > 76 |             setRecommendation(null);
         |             ^
      77 |         }
      78 |       } catch (e) {
      79 |         console.error("Failed to calculate recommendation", e);

      at printWarning (node_modules/.pnpm/react-dom@18.3.1_react@18.3.1/node_modules/react-dom/cjs/react-dom.development.js:86:30)
      at error (node_modules/.pnpm/react-dom@18.3.1_react@18.3.1/node_modules/react-dom/cjs/react-dom.development.js:60:7)
      at warnIfUpdatesNotWrappedWithActDEV (node_modules/.pnpm/react-dom@18.3.1_react@18.3.1/node_modules/react-dom/cjs/react-dom.development.js:27628:9)
      at scheduleUpdateOnFiber (node_modules/.pnpm/react-dom@18.3.1_react@18.3.1/node_modules/react-dom/cjs/react-dom.development.js:25547:5)
      at dispatchSetState (node_modules/.pnpm/react-dom@18.3.1_react@18.3.1/node_modules/react-dom/cjs/react-dom.development.js:16708:7)
      at setRecommendation (src/hooks/controllers/useTaskDatabaseController.ts:76:13)

    console.error
      Warning: An update to TestComponent inside a test was not wrapped in act(...).

      When testing, code that causes React state updates should be wrapped into act(...):

      act(() => {
        /* fire events that update state */
      });
      /* assert on the output */

      This ensures that you're testing the behavior the user would see in the browser. Learn more at https://reactjs.org/link/wrap-tests-with-act
          at TestComponent (/app/node_modules/.pnpm/@testing-library+react@16.3.2_@testing-library+dom@10.4.1_@types+react-dom@18.3.7_@type_8105afb30b3aed617b9ca863f1e5e96d/node_modules/@testing-library/react/dist/pure.js:328:5)

      74 |             }
      75 |         } else {
    > 76 |             setRecommendation(null);
         |             ^
      77 |         }
      78 |       } catch (e) {
      79 |         console.error("Failed to calculate recommendation", e);

      at printWarning (node_modules/.pnpm/react-dom@18.3.1_react@18.3.1/node_modules/react-dom/cjs/react-dom.development.js:86:30)
      at error (node_modules/.pnpm/react-dom@18.3.1_react@18.3.1/node_modules/react-dom/cjs/react-dom.development.js:60:7)
      at warnIfUpdatesNotWrappedWithActDEV (node_modules/.pnpm/react-dom@18.3.1_react@18.3.1/node_modules/react-dom/cjs/react-dom.development.js:27628:9)
      at scheduleUpdateOnFiber (node_modules/.pnpm/react-dom@18.3.1_react@18.3.1/node_modules/react-dom/cjs/react-dom.development.js:25547:5)
      at dispatchSetState (node_modules/.pnpm/react-dom@18.3.1_react@18.3.1/node_modules/react-dom/cjs/react-dom.development.js:16708:7)
      at setRecommendation (src/hooks/controllers/useTaskDatabaseController.ts:76:13)

PASS src/__tests__/TaskRow.test.tsx
  ● Console

    console.warn
      Warning: Missing `Description` or `aria-describedby={undefined}` for {DialogContent}.

      116 |
      117 |     const row = screen.getByText('A task to be tested');
    > 118 |     fireEvent.click(row);
          |               ^
      119 |
      120 |     // Should see the sheet title
      121 |     expect(await screen.findByText('Task Details')).toBeInTheDocument();

      at node_modules/.pnpm/@radix-ui+react-dialog@1.1.15_@types+react-dom@18.3.7_@types+react@18.3.28__@types+reac_9cd126aa2880bf880e57e64087c058d6/node_modules/@radix-ui/react-dialog/src/dialog.tsx:543:36
      at commitHookEffectListMount (node_modules/.pnpm/react-dom@18.3.1_react@18.3.1/node_modules/react-dom/cjs/react-dom.development.js:23189:26)
      at commitPassiveMountOnFiber (node_modules/.pnpm/react-dom@18.3.1_react@18.3.1/node_modules/react-dom/cjs/react-dom.development.js:24970:11)
      at commitPassiveMountEffects_complete (node_modules/.pnpm/react-dom@18.3.1_react@18.3.1/node_modules/react-dom/cjs/react-dom.development.js:24930:9)
      at commitPassiveMountEffects_begin (node_modules/.pnpm/react-dom@18.3.1_react@18.3.1/node_modules/react-dom/cjs/react-dom.development.js:24917:7)
      at commitPassiveMountEffects (node_modules/.pnpm/react-dom@18.3.1_react@18.3.1/node_modules/react-dom/cjs/react-dom.development.js:24905:3)
      at flushPassiveEffectsImpl (node_modules/.pnpm/react-dom@18.3.1_react@18.3.1/node_modules/react-dom/cjs/react-dom.development.js:27078:3)
      at flushPassiveEffects (node_modules/.pnpm/react-dom@18.3.1_react@18.3.1/node_modules/react-dom/cjs/react-dom.development.js:27023:14)
      at commitRootImpl (node_modules/.pnpm/react-dom@18.3.1_react@18.3.1/node_modules/react-dom/cjs/react-dom.development.js:26974:5)
      at commitRoot (node_modules/.pnpm/react-dom@18.3.1_react@18.3.1/node_modules/react-dom/cjs/react-dom.development.js:26721:5)
      at performSyncWorkOnRoot (node_modules/.pnpm/react-dom@18.3.1_react@18.3.1/node_modules/react-dom/cjs/react-dom.development.js:26156:3)
      at flushSyncCallbacks (node_modules/.pnpm/react-dom@18.3.1_react@18.3.1/node_modules/react-dom/cjs/react-dom.development.js:12042:22)
      at flushActQueue (node_modules/.pnpm/react@18.3.1/node_modules/react/cjs/react.development.js:2667:24)
      at act (node_modules/.pnpm/react@18.3.1/node_modules/react/cjs/react.development.js:2582:11)
      at node_modules/.pnpm/@testing-library+react@16.3.2_@testing-library+dom@10.4.1_@types+react-dom@18.3.7_@type_8105afb30b3aed617b9ca863f1e5e96d/node_modules/@testing-library/react/dist/act-compat.js:46:25
      at Object.eventWrapper (node_modules/.pnpm/@testing-library+react@16.3.2_@testing-library+dom@10.4.1_@types+react-dom@18.3.7_@type_8105afb30b3aed617b9ca863f1e5e96d/node_modules/@testing-library/react/dist/pure.js:106:28)
      at fireEvent (node_modules/.pnpm/@testing-library+dom@10.4.1/node_modules/@testing-library/dom/dist/events.js:12:35)
      at Function.fireEvent.<computed> [as click] (node_modules/.pnpm/@testing-library+dom@10.4.1/node_modules/@testing-library/dom/dist/events.js:110:36)
      at Function.fireEvent.<computed> [as click] (node_modules/.pnpm/@testing-library+react@16.3.2_@testing-library+dom@10.4.1_@types+react-dom@18.3.7_@type_8105afb30b3aed617b9ca863f1e5e96d/node_modules/@testing-library/react/dist/fire-event.js:15:52)
      at Object.click (src/__tests__/TaskRow.test.tsx:118:15)

PASS src/__tests__/QuickFocusModal.test.tsx
  ● Console

    console.warn
      Warning: Missing `Description` or `aria-describedby={undefined}` for {DialogContent}.

      50 |
      51 |   it('should render the modal with all elements when open', () => {
    > 52 |     render(<QuickFocusModal isOpen={true} onClose={mockOnClose} />);
         |           ^
      53 |
      54 |     expect(screen.getByText('Start Unplanned Focus')).toBeInTheDocument();
      55 |     expect(screen.getByPlaceholderText('What are you working on?')).toBeInTheDocument();

      at node_modules/.pnpm/@radix-ui+react-dialog@1.1.15_@types+react-dom@18.3.7_@types+react@18.3.28__@types+reac_9cd126aa2880bf880e57e64087c058d6/node_modules/@radix-ui/react-dialog/src/dialog.tsx:543:36
      at commitHookEffectListMount (node_modules/.pnpm/react-dom@18.3.1_react@18.3.1/node_modules/react-dom/cjs/react-dom.development.js:23189:26)
      at commitPassiveMountOnFiber (node_modules/.pnpm/react-dom@18.3.1_react@18.3.1/node_modules/react-dom/cjs/react-dom.development.js:24970:11)
      at commitPassiveMountEffects_complete (node_modules/.pnpm/react-dom@18.3.1_react@18.3.1/node_modules/react-dom/cjs/react-dom.development.js:24930:9)
      at commitPassiveMountEffects_begin (node_modules/.pnpm/react-dom@18.3.1_react@18.3.1/node_modules/react-dom/cjs/react-dom.development.js:24917:7)
      at commitPassiveMountEffects (node_modules/.pnpm/react-dom@18.3.1_react@18.3.1/node_modules/react-dom/cjs/react-dom.development.js:24905:3)
      at flushPassiveEffectsImpl (node_modules/.pnpm/react-dom@18.3.1_react@18.3.1/node_modules/react-dom/cjs/react-dom.development.js:27078:3)
      at flushPassiveEffects (node_modules/.pnpm/react-dom@18.3.1_react@18.3.1/node_modules/react-dom/cjs/react-dom.development.js:27023:14)
      at commitRootImpl (node_modules/.pnpm/react-dom@18.3.1_react@18.3.1/node_modules/react-dom/cjs/react-dom.development.js:26974:5)
      at commitRoot (node_modules/.pnpm/react-dom@18.3.1_react@18.3.1/node_modules/react-dom/cjs/react-dom.development.js:26721:5)
      at performSyncWorkOnRoot (node_modules/.pnpm/react-dom@18.3.1_react@18.3.1/node_modules/react-dom/cjs/react-dom.development.js:26156:3)
      at flushSyncCallbacks (node_modules/.pnpm/react-dom@18.3.1_react@18.3.1/node_modules/react-dom/cjs/react-dom.development.js:12042:22)
      at commitRootImpl (node_modules/.pnpm/react-dom@18.3.1_react@18.3.1/node_modules/react-dom/cjs/react-dom.development.js:26998:3)
      at commitRoot (node_modules/.pnpm/react-dom@18.3.1_react@18.3.1/node_modules/react-dom/cjs/react-dom.development.js:26721:5)
      at finishConcurrentRender (node_modules/.pnpm/react-dom@18.3.1_react@18.3.1/node_modules/react-dom/cjs/react-dom.development.js:26020:9)
      at performConcurrentWorkOnRoot (node_modules/.pnpm/react-dom@18.3.1_react@18.3.1/node_modules/react-dom/cjs/react-dom.development.js:25848:7)
      at flushActQueue (node_modules/.pnpm/react@18.3.1/node_modules/react/cjs/react.development.js:2667:24)
      at act (node_modules/.pnpm/react@18.3.1/node_modules/react/cjs/react.development.js:2582:11)
      at node_modules/.pnpm/@testing-library+react@16.3.2_@testing-library+dom@10.4.1_@types+react-dom@18.3.7_@type_8105afb30b3aed617b9ca863f1e5e96d/node_modules/@testing-library/react/dist/act-compat.js:46:25
      at renderRoot (node_modules/.pnpm/@testing-library+react@16.3.2_@testing-library+dom@10.4.1_@types+react-dom@18.3.7_@type_8105afb30b3aed617b9ca863f1e5e96d/node_modules/@testing-library/react/dist/pure.js:189:26)
      at render (node_modules/.pnpm/@testing-library+react@16.3.2_@testing-library+dom@10.4.1_@types+react-dom@18.3.7_@type_8105afb30b3aed617b9ca863f1e5e96d/node_modules/@testing-library/react/dist/pure.js:291:10)
      at Object.<anonymous> (src/__tests__/QuickFocusModal.test.tsx:52:11)

    console.warn
      Warning: Missing `Description` or `aria-describedby={undefined}` for {DialogContent}.

      58 |
      59 |   it('should keep the "Start Focusing" button disabled if the title is empty', () => {
    > 60 |     render(<QuickFocusModal isOpen={true} onClose={mockOnClose} />);
         |           ^
      61 |     const startButton = screen.getByRole('button', { name: /start focusing/i });
      62 |     expect(startButton).toBeDisabled();
      63 |   });

      at node_modules/.pnpm/@radix-ui+react-dialog@1.1.15_@types+react-dom@18.3.7_@types+react@18.3.28__@types+reac_9cd126aa2880bf880e57e64087c058d6/node_modules/@radix-ui/react-dialog/src/dialog.tsx:543:36
      at commitHookEffectListMount (node_modules/.pnpm/react-dom@18.3.1_react@18.3.1/node_modules/react-dom/cjs/react-dom.development.js:23189:26)
      at commitPassiveMountOnFiber (node_modules/.pnpm/react-dom@18.3.1_react@18.3.1/node_modules/react-dom/cjs/react-dom.development.js:24970:11)
      at commitPassiveMountEffects_complete (node_modules/.pnpm/react-dom@18.3.1_react@18.3.1/node_modules/react-dom/cjs/react-dom.development.js:24930:9)
      at commitPassiveMountEffects_begin (node_modules/.pnpm/react-dom@18.3.1_react@18.3.1/node_modules/react-dom/cjs/react-dom.development.js:24917:7)
      at commitPassiveMountEffects (node_modules/.pnpm/react-dom@18.3.1_react@18.3.1/node_modules/react-dom/cjs/react-dom.development.js:24905:3)
      at flushPassiveEffectsImpl (node_modules/.pnpm/react-dom@18.3.1_react@18.3.1/node_modules/react-dom/cjs/react-dom.development.js:27078:3)
      at flushPassiveEffects (node_modules/.pnpm/react-dom@18.3.1_react@18.3.1/node_modules/react-dom/cjs/react-dom.development.js:27023:14)
      at commitRootImpl (node_modules/.pnpm/react-dom@18.3.1_react@18.3.1/node_modules/react-dom/cjs/react-dom.development.js:26974:5)
      at commitRoot (node_modules/.pnpm/react-dom@18.3.1_react@18.3.1/node_modules/react-dom/cjs/react-dom.development.js:26721:5)
      at performSyncWorkOnRoot (node_modules/.pnpm/react-dom@18.3.1_react@18.3.1/node_modules/react-dom/cjs/react-dom.development.js:26156:3)
      at flushSyncCallbacks (node_modules/.pnpm/react-dom@18.3.1_react@18.3.1/node_modules/react-dom/cjs/react-dom.development.js:12042:22)
      at commitRootImpl (node_modules/.pnpm/react-dom@18.3.1_react@18.3.1/node_modules/react-dom/cjs/react-dom.development.js:26998:3)
      at commitRoot (node_modules/.pnpm/react-dom@18.3.1_react@18.3.1/node_modules/react-dom/cjs/react-dom.development.js:26721:5)
      at finishConcurrentRender (node_modules/.pnpm/react-dom@18.3.1_react@18.3.1/node_modules/react-dom/cjs/react-dom.development.js:26020:9)
      at performConcurrentWorkOnRoot (node_modules/.pnpm/react-dom@18.3.1_react@18.3.1/node_modules/react-dom/cjs/react-dom.development.js:25848:7)
      at flushActQueue (node_modules/.pnpm/react@18.3.1/node_modules/react/cjs/react.development.js:2667:24)
      at act (node_modules/.pnpm/react@18.3.1/node_modules/react/cjs/react.development.js:2582:11)
      at node_modules/.pnpm/@testing-library+react@16.3.2_@testing-library+dom@10.4.1_@types+react-dom@18.3.7_@type_8105afb30b3aed617b9ca863f1e5e96d/node_modules/@testing-library/react/dist/act-compat.js:46:25
      at renderRoot (node_modules/.pnpm/@testing-library+react@16.3.2_@testing-library+dom@10.4.1_@types+react-dom@18.3.7_@type_8105afb30b3aed617b9ca863f1e5e96d/node_modules/@testing-library/react/dist/pure.js:189:26)
      at render (node_modules/.pnpm/@testing-library+react@16.3.2_@testing-library+dom@10.4.1_@types+react-dom@18.3.7_@type_8105afb30b3aed617b9ca863f1e5e96d/node_modules/@testing-library/react/dist/pure.js:291:10)
      at Object.<anonymous> (src/__tests__/QuickFocusModal.test.tsx:60:11)

    console.warn
      Warning: Missing `Description` or `aria-describedby={undefined}` for {DialogContent}.

      64 |
      65 |   it('should enable the "Start Focusing" button when a title is entered', () => {
    > 66 |     render(<QuickFocusModal isOpen={true} onClose={mockOnClose} />);
         |           ^
      67 |     const input = screen.getByPlaceholderText('What are you working on?');
      68 |     const startButton = screen.getByRole('button', { name: /start focusing/i });
      69 |

      at node_modules/.pnpm/@radix-ui+react-dialog@1.1.15_@types+react-dom@18.3.7_@types+react@18.3.28__@types+reac_9cd126aa2880bf880e57e64087c058d6/node_modules/@radix-ui/react-dialog/src/dialog.tsx:543:36
      at commitHookEffectListMount (node_modules/.pnpm/react-dom@18.3.1_react@18.3.1/node_modules/react-dom/cjs/react-dom.development.js:23189:26)
      at commitPassiveMountOnFiber (node_modules/.pnpm/react-dom@18.3.1_react@18.3.1/node_modules/react-dom/cjs/react-dom.development.js:24970:11)
      at commitPassiveMountEffects_complete (node_modules/.pnpm/react-dom@18.3.1_react@18.3.1/node_modules/react-dom/cjs/react-dom.development.js:24930:9)
      at commitPassiveMountEffects_begin (node_modules/.pnpm/react-dom@18.3.1_react@18.3.1/node_modules/react-dom/cjs/react-dom.development.js:24917:7)
      at commitPassiveMountEffects (node_modules/.pnpm/react-dom@18.3.1_react@18.3.1/node_modules/react-dom/cjs/react-dom.development.js:24905:3)
      at flushPassiveEffectsImpl (node_modules/.pnpm/react-dom@18.3.1_react@18.3.1/node_modules/react-dom/cjs/react-dom.development.js:27078:3)
      at flushPassiveEffects (node_modules/.pnpm/react-dom@18.3.1_react@18.3.1/node_modules/react-dom/cjs/react-dom.development.js:27023:14)
      at commitRootImpl (node_modules/.pnpm/react-dom@18.3.1_react@18.3.1/node_modules/react-dom/cjs/react-dom.development.js:26974:5)
      at commitRoot (node_modules/.pnpm/react-dom@18.3.1_react@18.3.1/node_modules/react-dom/cjs/react-dom.development.js:26721:5)
      at performSyncWorkOnRoot (node_modules/.pnpm/react-dom@18.3.1_react@18.3.1/node_modules/react-dom/cjs/react-dom.development.js:26156:3)
      at flushSyncCallbacks (node_modules/.pnpm/react-dom@18.3.1_react@18.3.1/node_modules/react-dom/cjs/react-dom.development.js:12042:22)
      at commitRootImpl (node_modules/.pnpm/react-dom@18.3.1_react@18.3.1/node_modules/react-dom/cjs/react-dom.development.js:26998:3)
      at commitRoot (node_modules/.pnpm/react-dom@18.3.1_react@18.3.1/node_modules/react-dom/cjs/react-dom.development.js:26721:5)
      at finishConcurrentRender (node_modules/.pnpm/react-dom@18.3.1_react@18.3.1/node_modules/react-dom/cjs/react-dom.development.js:26020:9)
      at performConcurrentWorkOnRoot (node_modules/.pnpm/react-dom@18.3.1_react@18.3.1/node_modules/react-dom/cjs/react-dom.development.js:25848:7)
      at flushActQueue (node_modules/.pnpm/react@18.3.1/node_modules/react/cjs/react.development.js:2667:24)
      at act (node_modules/.pnpm/react@18.3.1/node_modules/react/cjs/react.development.js:2582:11)
      at node_modules/.pnpm/@testing-library+react@16.3.2_@testing-library+dom@10.4.1_@types+react-dom@18.3.7_@type_8105afb30b3aed617b9ca863f1e5e96d/node_modules/@testing-library/react/dist/act-compat.js:46:25
      at renderRoot (node_modules/.pnpm/@testing-library+react@16.3.2_@testing-library+dom@10.4.1_@types+react-dom@18.3.7_@type_8105afb30b3aed617b9ca863f1e5e96d/node_modules/@testing-library/react/dist/pure.js:189:26)
      at render (node_modules/.pnpm/@testing-library+react@16.3.2_@testing-library+dom@10.4.1_@types+react-dom@18.3.7_@type_8105afb30b3aed617b9ca863f1e5e96d/node_modules/@testing-library/react/dist/pure.js:291:10)
      at Object.<anonymous> (src/__tests__/QuickFocusModal.test.tsx:66:11)

    console.warn
      Warning: Missing `Description` or `aria-describedby={undefined}` for {DialogContent}.

      77 |     const newTaskId = 'new-quick-task-id';
      78 |     mockAddTask.mockResolvedValue(newTaskId);
    > 79 |     render(<QuickFocusModal isOpen={true} onClose={mockOnClose} />);
         |           ^
      80 |
      81 |     // Act
      82 |     const input = screen.getByPlaceholderText('What are you working on?');

      at node_modules/.pnpm/@radix-ui+react-dialog@1.1.15_@types+react-dom@18.3.7_@types+react@18.3.28__@types+reac_9cd126aa2880bf880e57e64087c058d6/node_modules/@radix-ui/react-dialog/src/dialog.tsx:543:36
      at commitHookEffectListMount (node_modules/.pnpm/react-dom@18.3.1_react@18.3.1/node_modules/react-dom/cjs/react-dom.development.js:23189:26)
      at commitPassiveMountOnFiber (node_modules/.pnpm/react-dom@18.3.1_react@18.3.1/node_modules/react-dom/cjs/react-dom.development.js:24970:11)
      at commitPassiveMountEffects_complete (node_modules/.pnpm/react-dom@18.3.1_react@18.3.1/node_modules/react-dom/cjs/react-dom.development.js:24930:9)
      at commitPassiveMountEffects_begin (node_modules/.pnpm/react-dom@18.3.1_react@18.3.1/node_modules/react-dom/cjs/react-dom.development.js:24917:7)
      at commitPassiveMountEffects (node_modules/.pnpm/react-dom@18.3.1_react@18.3.1/node_modules/react-dom/cjs/react-dom.development.js:24905:3)
      at flushPassiveEffectsImpl (node_modules/.pnpm/react-dom@18.3.1_react@18.3.1/node_modules/react-dom/cjs/react-dom.development.js:27078:3)
      at flushPassiveEffects (node_modules/.pnpm/react-dom@18.3.1_react@18.3.1/node_modules/react-dom/cjs/react-dom.development.js:27023:14)
      at commitRootImpl (node_modules/.pnpm/react-dom@18.3.1_react@18.3.1/node_modules/react-dom/cjs/react-dom.development.js:26974:5)
      at commitRoot (node_modules/.pnpm/react-dom@18.3.1_react@18.3.1/node_modules/react-dom/cjs/react-dom.development.js:26721:5)
      at performSyncWorkOnRoot (node_modules/.pnpm/react-dom@18.3.1_react@18.3.1/node_modules/react-dom/cjs/react-dom.development.js:26156:3)
      at flushSyncCallbacks (node_modules/.pnpm/react-dom@18.3.1_react@18.3.1/node_modules/react-dom/cjs/react-dom.development.js:12042:22)
      at commitRootImpl (node_modules/.pnpm/react-dom@18.3.1_react@18.3.1/node_modules/react-dom/cjs/react-dom.development.js:26998:3)
      at commitRoot (node_modules/.pnpm/react-dom@18.3.1_react@18.3.1/node_modules/react-dom/cjs/react-dom.development.js:26721:5)
      at finishConcurrentRender (node_modules/.pnpm/react-dom@18.3.1_react@18.3.1/node_modules/react-dom/cjs/react-dom.development.js:26020:9)
      at performConcurrentWorkOnRoot (node_modules/.pnpm/react-dom@18.3.1_react@18.3.1/node_modules/react-dom/cjs/react-dom.development.js:25848:7)
      at flushActQueue (node_modules/.pnpm/react@18.3.1/node_modules/react/cjs/react.development.js:2667:24)
      at act (node_modules/.pnpm/react@18.3.1/node_modules/react/cjs/react.development.js:2582:11)
      at node_modules/.pnpm/@testing-library+react@16.3.2_@testing-library+dom@10.4.1_@types+react-dom@18.3.7_@type_8105afb30b3aed617b9ca863f1e5e96d/node_modules/@testing-library/react/dist/act-compat.js:46:25
      at renderRoot (node_modules/.pnpm/@testing-library+react@16.3.2_@testing-library+dom@10.4.1_@types+react-dom@18.3.7_@type_8105afb30b3aed617b9ca863f1e5e96d/node_modules/@testing-library/react/dist/pure.js:189:26)
      at render (node_modules/.pnpm/@testing-library+react@16.3.2_@testing-library+dom@10.4.1_@types+react-dom@18.3.7_@type_8105afb30b3aed617b9ca863f1e5e96d/node_modules/@testing-library/react/dist/pure.js:291:10)
      at Object.<anonymous> (src/__tests__/QuickFocusModal.test.tsx:79:11)

PASS src/__tests__/useSessionSummaryController.test.ts
PASS src/__tests__/SmileyScale.test.tsx
PASS src/__tests__/LoginView.test.tsx
PASS src/__tests__/NavigationContext.test.tsx
PASS src/__tests__/textParser.test.ts
PASS src/__tests__/timeUtils.test.ts
PASS src/__tests__/TaskService.test.ts
PASS src/features/task-app/lib/__tests__/router.test.ts

Test Suites: 1 failed, 11 passed, 12 total
Tests:       1 failed, 89 passed, 90 total
Snapshots:   0 total
Time:        4.583 s
Ran all test suites.
 ELIFECYCLE  Test failed. See above for more details.
